../Drivers/CMSIS/Include/core_cm4.h:1684:22:__NVIC_EnableIRQ	16	static,ignoring_inline_asm
../Drivers/CMSIS/Include/core_cm4.h:1938:34:__NVIC_SystemReset	4	static,ignoring_inline_asm
../Core/Src/main.c:61:5:main	96	static
../Core/Src/main.c:244:6:EXTI0_IRQHandler	4	static
../Core/Src/main.c:252:6:EXTI1_IRQHandler	4	static
../Core/Src/main.c:260:6:EXTI2_IRQHandler	4	static
../Core/Src/main.c:269:6:USART2_IRQHandler	16	static
../Core/Src/main.c:396:6:SystemClock_Config	4	static
../Core/Src/main.c:420:17:getPCLK	24	static
../Core/Src/main.c:428:6:init_USART1	4	static
../Core/Src/main.c:434:6:init_USART2	4	static
../Core/Src/main.c:440:6:init_USART6	4	static
../Core/Src/main.c:446:6:UARTs_Config	8	static
../Core/Src/main.c:474:6:USART1_SendByte	16	static
../Core/Src/main.c:480:6:USART2_SendByte	16	static
../Core/Src/main.c:486:6:USART1_SendArray	24	static
../Core/Src/main.c:492:6:USART2_SendArray	24	static
../Core/Src/main.c:499:6:USART1_SendDataToAddr	24	static
../Core/Src/main.c:505:6:USART1_SendByteToAddr	16	static
../Core/Src/main.c:512:6:EXTI_Config	8	static
